
> angularexampleapp@21.0.0 build
> ng build

[33mÔØ»[39m Building...
node.exe : 14 rules skipped due to selector errors:
At line:1 char:1
+ & "C:\nvm4w\nodejs/node.exe" "C:\nvm4w\nodejs/node_modules/npm/bin/np ...
+ ~~~~~~~~~~~~~~~~~~~~~~~~~~~~~~~~~~~~~~~~~~~~~~~~~~~~~~~~~~~~~~~~~~~~~
    + CategoryInfo          : NotSpecified: (14 rules skipped due to selector errors::String) [], RemoteExcepti 
   on
    + FullyQualifiedErrorId : NativeCommandError
 
  0% -> Unmatched selector: %
  0% -> Unmatched selector: %
  0% -> Unmatched selector: %
  0% -> Unmatched selector: %
  0% -> Unmatched selector: %
  0% -> Unmatched selector: %
  0% -> Unmatched selector: %
  0% -> Unmatched selector: %
  0% -> Unmatched selector: %
  0% -> Unmatched selector: %
  0% -> Unmatched selector: %
  0% -> Unmatched selector: %
  0% -> Unmatched selector: %
  0% -> Unmatched selector: %
14 rules skipped due to selector errors:
  0% -> Unmatched selector: %
  0% -> Unmatched selector: %
  0% -> Unmatched selector: %
  0% -> Unmatched selector: %
  0% -> Unmatched selector: %
  0% -> Unmatched selector: %
  0% -> Unmatched selector: %
  0% -> Unmatched selector: %
  0% -> Unmatched selector: %
  0% -> Unmatched selector: %
  0% -> Unmatched selector: %
  0% -> Unmatched selector: %
  0% -> Unmatched selector: %
  0% -> Unmatched selector: %
[32mÔ£ö[39m Building...
[1mInitial chunk files[22m  [2m | [22m[1mNames[22m                 [2m | [22m [1mRaw size[22m[2m | [22m[1mEstimated transfer size[22m
[32mstyles-GMGJQEMA.css[39m  [2m | [22m[2mstyles[22m                [2m | [22m[36m364.73 kB[39m[2m | [22m               [36m26.33 kB[39m
[32mchunk-V6X4X4MR.js[39m    [2m | [22m[2m-[22m                     [2m | [22m[36m217.37 kB[39m[2m | [22m               [36m64.88 kB[39m
[32mchunk-KP5SQZ3D.js[39m    [2m | [22m[2m-[22m                     [2m | [22m [36m81.00 kB[39m[2m | [22m               [36m20.14 kB[39m
[32mchunk-ZRGX6NJK.js[39m    [2m | [22m[2m-[22m                     [2m | [22m [36m63.19 kB[39m[2m | [22m               [36m16.31 kB[39m
[32mmain-EKFEPKDV.js[39m     [2m | [22m[2mmain[22m                  [2m | [22m [36m43.67 kB[39m[2m | [22m               [36m11.10 kB[39m
[32mchunk-GTAVFC6A.js[39m    [2m | [22m[2m-[22m                     [2m | [22m [36m38.52 kB[39m[2m | [22m               [36m11.11 kB[39m
[32mchunk-B6PDTZXZ.js[39m    [2m | [22m[2m-[22m                     [2m | [22m [36m32.45 kB[39m[2m | [22m               [36m10.20 kB[39m
[32mchunk-37LDT4MC.js[39m    [2m | [22m[2m-[22m                     [2m | [22m [36m29.36 kB[39m[2m | [22m                [36m8.80 kB[39m
[32mchunk-JA22MZUO.js[39m    [2m | [22m[2m-[22m                     [2m | [22m  [36m5.74 kB[39m[2m | [22m                [36m1.98 kB[39m
[32mpolyfills-JQWSKOKG.js[39m[2m | [22m[2mpolyfills[22m             [2m | [22m  [36m2.43 kB[39m[2m | [22m                [36m1.07 kB[39m
[32mchunk-ZW3DHNNC.js[39m    [2m | [22m[2m-[22m                     [2m | [22m  [36m1.47 kB[39m[2m | [22m              [36m710 bytes[39m
[32mchunk-I6WONGPY.js[39m    [2m | [22m[2m-[22m                     [2m | [22m  [36m1.14 kB[39m[2m | [22m              [36m538 bytes[39m
[32mchunk-ZJWQJ56S.js[39m    [2m | [22m[2m-[22m                     [2m | [22m[36m405 bytes[39m[2m | [22m              [36m405 bytes[39m
[32mchunk-AZAMPJ55.js[39m    [2m | [22m[2m-[22m                     [2m | [22m[36m315 bytes[39m[2m | [22m              [36m315 bytes[39m

[1m [22m                    [2m | [22m[1mInitial total[22m         [2m | [22m[1m881.78 kB[22m[2m | [22m              [1m173.90 kB[22m

[1mLazy chunk files[22m     [2m | [22m[1mNames[22m                 [2m | [22m [1mRaw size[22m[2m | [22m[1mEstimated transfer size[22m
[32mchunk-NVP7AVVP.js[39m    [2m | [22m[2mdashboard-routes[22m      [2m | [22m[36m360.40 kB[39m[2m | [22m               [36m60.05 kB[39m
[32mchunk-3L4ULVGN.js[39m    [2m | [22m[2mbrowser[22m               [2m | [22m [36m64.34 kB[39m[2m | [22m               [36m17.25 kB[39m
[32mchunk-FY2TYCA5.js[39m    [2m | [22m[2m-[22m                     [2m | [22m [36m64.06 kB[39m[2m | [22m               [36m10.62 kB[39m
[32mchunk-S3QQMGP4.js[39m    [2m | [22m[2mtodo-routes[22m           [2m | [22m [36m41.58 kB[39m[2m | [22m                [36m9.37 kB[39m
[32mchunk-BQ2YYWEG.js[39m    [2m | [22m[2m-[22m                     [2m | [22m [36m38.70 kB[39m[2m | [22m                [36m8.27 kB[39m
[32mchunk-VI6UBQLP.js[39m    [2m | [22m[2mauthentication-routes[22m [2m | [22m [36m22.58 kB[39m[2m | [22m                [36m5.20 kB[39m
[32mchunk-52UWH37U.js[39m    [2m | [22m[2mhome-routes[22m           [2m | [22m  [36m9.62 kB[39m[2m | [22m                [36m2.73 kB[39m
[32mchunk-BVZKIYSK.js[39m    [2m | [22m[2m-[22m                     [2m | [22m  [36m4.06 kB[39m[2m | [22m                [36m1.09 kB[39m
[32mchunk-CJTD6UPN.js[39m    [2m | [22m[2mcookie-popup-component[22m[2m | [22m  [36m3.03 kB[39m[2m | [22m                [36m1.21 kB[39m
[32mchunk-OPZYC4Y7.js[39m    [2m | [22m[2mcard-component[22m        [2m | [22m  [36m2.35 kB[39m[2m | [22m              [36m901 bytes[39m
[32mchunk-G66IWFZT.js[39m    [2m | [22m[2merror-routes[22m          [2m | [22m  [36m1.11 kB[39m[2m | [22m              [36m657 bytes[39m
[32mchunk-CD4EZR6K.js[39m    [2m | [22m[2muser-routes[22m           [2m | [22m[36m250 bytes[39m[2m | [22m              [36m250 bytes[39m

[35mPrerendered 2 static routes.[39m
Application bundle generation complete. [17.978 seconds] - 2025-11-30T15:38:42.148Z

[1m[33m[33mÔû▓ [43;33m[[43;30mWARNING[43;33m][0m [1mModule 'eva-icons' used by 
'node_modules/@nebular/eva-icons/fesm2022/nebular-eva-icons.mjs' is not ESM[0m

  CommonJS or AMD dependencies can cause optimization bailouts.
  For more information see: [4mhttps://angular.dev/tools/cli/build#configuring-commonjs-dependencies[0m


[33mÔû▓ [43;33m[[43;30mWARNING[43;33m][0m [1m14 rules skipped due to selector errors:
  0% -> Unmatched selector: %
  0% -> Unmatched selector: %
  0% -> Unmatched selector: %
  0% -> Unmatched selector: %
  0% -> Unmatched selector: %
  0% -> Unmatched selector: %
  0% -> Unmatched selector: %
  0% -> Unmatched selector: %
  0% -> Unmatched selector: %
  0% -> Unmatched selector: %
  0% -> Unmatched selector: %
  0% -> Unmatched selector: %
  0% -> Unmatched selector: %
  0% -> Unmatched selector: %[0m


[33mÔû▓ [43;33m[[43;30mWARNING[43;33m][0m [1m14 rules skipped due to selector errors:
  0% -> Unmatched selector: %
  0% -> Unmatched selector: %
  0% -> Unmatched selector: %
  0% -> Unmatched selector: %
  0% -> Unmatched selector: %
  0% -> Unmatched selector: %
  0% -> Unmatched selector: %
  0% -> Unmatched selector: %
  0% -> Unmatched selector: %
  0% -> Unmatched selector: %
  0% -> Unmatched selector: %
  0% -> Unmatched selector: %
  0% -> Unmatched selector: %
  0% -> Unmatched selector: %[0m

[39m[22m
Output location: C:\Users\Achraf\Desktop\School\_MyAngularDotnetProject\angular-app-21.0.0\dist\angularexampleapp

